mode: set
github.com/avito/pvz/test/integration/test_utils.go:21.37,26.16 3 1
github.com/avito/pvz/test/integration/test_utils.go:26.16,28.3 1 0
github.com/avito/pvz/test/integration/test_utils.go:30.2,30.34 1 1
github.com/avito/pvz/test/integration/test_utils.go:30.34,32.3 1 0
github.com/avito/pvz/test/integration/test_utils.go:35.2,35.44 1 1
github.com/avito/pvz/test/integration/test_utils.go:35.44,37.3 1 0
github.com/avito/pvz/test/integration/test_utils.go:40.2,41.31 2 1
github.com/avito/pvz/test/integration/test_utils.go:41.31,43.17 2 1
github.com/avito/pvz/test/integration/test_utils.go:43.17,45.4 1 0
github.com/avito/pvz/test/integration/test_utils.go:48.2,48.16 1 1
github.com/avito/pvz/test/integration/test_utils.go:51.40,54.16 2 1
github.com/avito/pvz/test/integration/test_utils.go:54.16,56.3 1 0
github.com/avito/pvz/test/integration/test_utils.go:59.2,61.16 3 1
github.com/avito/pvz/test/integration/test_utils.go:61.16,63.3 1 0
github.com/avito/pvz/test/integration/test_utils.go:66.2,67.16 2 1
github.com/avito/pvz/test/integration/test_utils.go:67.16,69.3 1 0
github.com/avito/pvz/test/integration/test_utils.go:71.2,71.12 1 1
